    run  official  parts          bunches   reach      ours  parts   reach  merged
----------------------------------------------------------------------------------
 224264   COVERED      1              1-2       -         -      0       -     yes
 224265   COVERED      1              1-3       -         -      0       -     yes
 224266   COVERED     30           1-2351       -         -      0       -     yes
 224267   COVERED     14           1-1051       -         -      0       -     yes
 224268   COVERED      1             1-48       -         -      0       -     yes
 224269   COVERED      3            1-184       -         -      0       -     yes
 224270   COVERED     39           1-3065       -         -      0       -     yes
 224271   COVERED     49           1-3917       -         -      0       -     yes
 224272   COVERED     47           1-3729       -         -      0       -     yes
 224273   COVERED     37           1-2933       -         -      0       -     yes
 224274   COVERED     33           1-2584       -         -      0       -     yes
 224275   COVERED      2            1-122       -         -      0       -     yes
 224276   COVERED      1             1-79       -         -      0       -     yes
 224277   COVERED     37           1-2919       -         -      0       -     yes
 224278   COVERED     18           1-1430       -         -      0       -     yes
 224279   COVERED     40           1-3129       -         -      0       -     yes
 224280   COVERED     39           1-3108       -         -      0       -     yes
 224281   COVERED     43           1-3390       -         -      0       -     yes
 224282   COVERED     39           1-3046       -         -      0       -     yes
 224283   COVERED     21           1-1641       -         -      0       -     yes
 224284   COVERED     46           1-3619       -         -      0       -     yes
 224285   COVERED     19           1-1475       -         -      0       -     yes
 224286   COVERED      2            1-139       -         -      0       -     yes
 224287   COVERED      3            1-173       -         -      0       -     yes
 224288   COVERED     42           1-3300       -         -      0       -     yes
 224289   COVERED     44           1-3482       -         -      0       -     yes
 224290   COVERED     42           1-3319       -         -      0       -     yes
 224291   COVERED     29           1-2248       -         -      0       -     yes
 224292   COVERED     41           1-3242       -         -      0       -     yes
 224293   COVERED     39           1-3114       -         -      0       -     yes
 224294   COVERED     22           1-1735       -         -      0       -     yes
 224295   COVERED     27           1-2091       -         -      0       -     yes
 224296   COVERED     31           1-2413       -         -      0       -     yes
 224297   COVERED     19            1-629       -         -      0       -     yes
 224298   COVERED      1             1-45       -         -      0       -     yes
 224299   COVERED      4            1-280       -         -      0       -     yes
 224300   COVERED      1              1-8       -         -      0       -     yes
 224301   COVERED     27           1-2086       -         -      0       -     yes
 224302   COVERED     16           1-3067       -         -      0       -     yes
 224303   COVERED     39           1-3103       -         -      0       -     yes
 224304   COVERED     16           1-3094       -         -      0       -     yes
 224305   COVERED     32           1-2535       -         -      0       -     yes
 224306   COVERED     37           1-2903       -         -      0       -     yes
 224307   COVERED     22           1-1743       -         -      0       -     yes
 224308   COVERED     42           1-3356       -         -      0       -     yes
 224309   COVERED     34           1-2682       -         -      0       -     yes
 224310   COVERED     40           1-3144       -         -      0       -     yes
 224311   COVERED     26           1-2015       -         -      0       -     yes
 224312   COVERED     44           1-3456       -         -      0       -     yes
 224313   COVERED     40           1-3136       -         -      0       -     yes
 224314   COVERED     20           1-1536       -         -      0       -     yes
 224315   COVERED     37           1-2925       -         -      0       -     yes
 224316   COVERED     40           1-3168       -         -      0       -     yes
 224317   COVERED      7            1-558       -         -      0       -     yes
 224318   COVERED     45           1-3566       -         -      0       -     yes
 224319   COVERED     42           1-3320       -         -      0       -     yes
 224320   COVERED     45           1-3544       -         -      0       -     yes
 224321   COVERED     40           1-3162       -         -      0       -     yes
 224322   COVERED      7            1-538       -         -      0       -     yes
 224323   COVERED      1             1-15       -         -      0       -     yes
 224324   COVERED     52           1-4131       -         -      0       -     yes
 224325   COVERED     66           1-5277       -         -      0       -     yes
 224326   COVERED     41           1-3243       -         -      0       -     yes
 224327   COVERED     44           1-3444       -         -      0       -     yes
 224328   COVERED     46           1-3611       -         -      0       -     yes
 224329   COVERED     28           1-2167       -         -      0       -     yes
 224330   COVERED      1             1-13      13         -      0       -     yes
 224331   COVERED      1              1-7       7         -      0       -     yes
 224332   COVERED      1              1-4       4         -      0       -     yes
 224333   COVERED      1             1-13      13         -      0       -     yes
 224334   COVERED      1             1-11      11         -      0       -     yes
 224335   COVERED      1              1-4       4         -      0       -     yes
 224336   COVERED      1              1-4       4         -      0       -     yes
 224337   COVERED      1              1-4       4         -      0       -     yes
 224338   COVERED      1              1-3       3         -      0       -     yes
 224339   COVERED      1              1-4       4         -      0       -     yes
 224341   COVERED      1              1-4       4         -      0       -     yes
 224342   COVERED      1              1-3       3         -      0       -     yes
 224343   COVERED      1              1-8       8         -      0       -     yes
 224344   COVERED      1              1-3       3         -      0       -     yes
 224345   COVERED     38           1-3033    3033         -      0       -     yes
 224346   COVERED     39           1-3085    3085         -      0       -     yes
 224347   COVERED     42           1-3356    3356         -      0       -     yes
 224348   COVERED     48           1-3788    3788         -      0       -     yes
 224349   COVERED     30           1-2381    2381         -      0       -     yes
 224350   COVERED      1             1-57      57         -      0       -     yes
 224351   COVERED     31           1-2427    2427         -      0       -     yes
 224352   COVERED      2             1-99      99         -      0       -     yes
 224353   COVERED      6            1-471     471         -      0       -     yes
 224354   COVERED      6           1-1194    1194         -      0       -     yes
 224355   COVERED     47           1-3708    3708         -      0       -     yes
 224356   COVERED     43           1-3412    3412         -      0       -     yes
 224357   COVERED     42           1-3286    3286         -      0       -     yes
 224358   COVERED     41           1-3269    3269         -      0       -     yes
 224359   COVERED     18           1-3426    3426         -      0       -     yes
 224360   COVERED      7            1-549     549         -      0       -     yes
 224361   COVERED     41           1-3228    3228         -      0       -     yes
 224362   COVERED     43           1-3379    3379         -      0       -     yes
 224363   COVERED     46           1-3672    3672         -      0       -     yes
 224364   COVERED      9            1-674     674         -      0       -     yes
 224365   COVERED     43           1-3422    3422         -      0       -     yes
 224366   COVERED     43           1-3419    3419         -      0       -     yes
 224367   COVERED     43           1-3374    3374         -      0       -     yes
 224368   COVERED     48           1-3764    3764         -      0       -     yes
 224369   COVERED     42           1-3328    3328         -      0       -     yes
 224370   COVERED     40           1-3166    3166         -      0       -     yes
 224371   COVERED     51           1-4028    4028         -      0       -     yes
 224372   COVERED     51           1-4004    4004         -      0       -     yes
 224373   COVERED     40           1-3133    3133         -      0       -     yes
 224374   COVERED     41           1-3221    3221         -      0       -     yes
 224375   COVERED     17           1-3319    3319         -      0       -     yes
 224376   COVERED     16           1-3122    3122         -      0       -     yes
 224377   COVERED     11            1-880     880         -      0       -     yes
 224379   COVERED      1             1-44      44         -      0       -     yes
 224380   COVERED      1              1-7       7         -      0       -     yes
 224381   COVERED     11            1-802     802         -      0       -     yes
 224382   COVERED      2             1-95      95         -      0       -     yes
 224383   COVERED      1              1-4       4         -      0       -     yes
 224384   COVERED      1              1-4       4         -      0       -     yes
 224385   COVERED      1              1-4       4         -      0       -     yes
 224386   COVERED      1              1-4       4         -      0       -     yes
 224387   COVERED      1              1-4       4         -      0       -     yes
 224388   COVERED      1              1-4       4         -      0       -     yes
 224389   COVERED      1              1-4       4         -      0       -     yes
 224390   COVERED      1              1-6       6         -      0       -     yes
 224391   COVERED      1              1-6       6         -      0       -     yes
 224392   COVERED      1              1-4       4         -      0       -     yes
 224393   COVERED      1              1-5       5         -      0       -     yes
 224394   COVERED      1              1-5       5         -      0       -     yes
 224398   COVERED      1              1-4       4         -      0       -     yes
 224399   COVERED      1             1-37      37         -      0       -     yes
 224400   COVERED      2             1-89      89         -      0       -     yes
 224401   COVERED     32           1-2558    2558         -      0       -     yes
 224402   COVERED     45           1-3591    3591         -      0       -     yes
 224403   COVERED     40           1-3170    3170         -      0       -     yes
 224404   COVERED     48           1-3792    3792         -      0       -     yes
 224405   COVERED     17           1-3234    3234         -      0       -   EMPTY
 224406   COVERED     39           1-3093    3093         -      0       -     yes
 224407   COVERED     14           1-1102    1102         -      0       -     yes
 224408   COVERED      1             1-11      11         -      0       -     yes
 224409   COVERED      1              1-5       5         -      0       -     yes
 224410   COVERED      1              1-4       4         -      0       -     yes
 224411   COVERED      1              1-5       5         -      0       -     yes
 224412   COVERED      1              1-5       5         -      0       -     yes
 224413   COVERED      1              1-5       5         -      0       -     yes
 224414   COVERED      1              1-5       5         -      0       -     yes
 224415   COVERED      1              1-5       5         -      0       -     yes
 224416   COVERED      1              1-5       5         -      0       -     yes
 224417   COVERED      1              1-5       5         -      0       -     yes
 224418   COVERED      1              1-5       5         -      0       -     yes
 224419   COVERED      1              1-5       5         -      0       -     yes
 224420   COVERED      1              1-4       4         -      0       -     yes
 224421   COVERED      1              1-4       4         -      0       -     yes
 224422   COVERED      1              1-5       5         -      0       -     yes
 224423   COVERED      1              1-4       4         -      0       -     yes
 224424   COVERED      1              1-4       4         -      0       -     yes
 224425   COVERED      1              1-4       4         -      0       -     yes
 224426   COVERED      1              1-4       4         -      0       -     yes
 224427   COVERED      1              1-6       6         -      0       -     yes
 224428   COVERED      1              1-5       5         -      0       -     yes
 224429   COVERED      1              1-9       9         -      0       -     yes
 224430   COVERED      1              1-6       6         -      0       -     yes
 224431   COVERED      1              1-5       5         -      0       -     yes
 224432   COVERED      1              1-5       5         -      0       -     yes
 224433   COVERED      1              1-4       4         -      0       -     yes
 224434   COVERED      1              1-5       5         -      0       -     yes
 224435   COVERED      1              1-4       4         -      0       -     yes
 224436   COVERED      1              1-4       4         -      0       -     yes
 224437   COVERED      1              1-4       4         -      0       -     yes
 224438   COVERED      1              1-3       3         -      0       -     yes
 224439   COVERED      1              1-3       3         -      0       -     yes
 224440   COVERED      2            1-101     101         -      0       -     yes
 224441   COVERED      1             1-25      25         -      0       -     yes
 224442   COVERED      1              1-4       4         -      0       -     yes
 224443   COVERED      1              1-5       5         -      0       -     yes
 224444   COVERED      1              1-3       3         -      0       -     yes
 224445   COVERED      1              1-4       4         -      0       -     yes
 224446   COVERED      1              1-4       4         -      0       -     yes
 224447   COVERED      1              1-4       4         -      0       -     yes
 224448   COVERED      1              1-4       4         -      0       -     yes
 224449   COVERED      1              1-4       4         -      0       -     yes
 224450   COVERED      5            1-294     294         -      0       -     yes
 224451   COVERED     51           1-4007    4007         -      0       -      no
 224452   COVERED     53           1-4144    4144         -      0       -      no
 224453   COVERED     54           1-4223    4223         -      0       -      no
 224454   COVERED     39           1-2994    2994         -      0       -      no
 224455   COVERED      9            1-709     709         -      0       -     yes
 224456   COVERED      1             1-55      55         -      0       -     yes
 224457   COVERED     36           1-2867    2867         -      0       -     yes
 224458   COVERED     39           1-3054    3054         -      0       -     yes
 224459   COVERED     42           1-3317    3317         -      0       -     yes
 224460   COVERED     51           1-4005    4005         -      0       -     yes
 224461   COVERED     56           1-4460    4460         -      0       -      no
 224462   COVERED     35           1-2797    2797         -      0       -     yes
 224463   COVERED      9            1-717     717         -      0       -     yes
 224464   COVERED     34           1-2716    2716         -      0       -     yes
 224466   COVERED     11           1-2101    2101         -      0       -     yes
 224467   COVERED      9            1-675     675         -      0       -     yes
 224468   COVERED     16           1-1231    1231         -      0       -     yes
 224469   COVERED      1             1-48      48         -      0       -     yes
 224470   COVERED     44           1-3518    3518         -      0       -     yes
 224471   COVERED     10           1-1957    1957         -      0       -     yes
 224472   COVERED     51           1-4023    4023         -      0       -     yes
 224473   COVERED     45           1-3560    3560         -      0       -     yes
 224474   COVERED     22           1-1735    1735         -      0       -     yes
 224476   COVERED     19           1-1507    1507         -      0       -     yes
 224477   COVERED     19           1-1502    1502         -      0       -     yes
 224478   COVERED     19           1-1501    1501         -      0       -     yes
 224479   COVERED     19           1-1503    1503         -      0       -     yes
 224480   COVERED      1             1-28      28         -      0       -     yes
 224481   COVERED     42           1-3308    3308         -      0       -     yes
 224482   COVERED      1             1-54      54         -      0       -     yes
 224483   COVERED      1             1-42      42         -      0       -     yes
 224484   COVERED      1             1-15      15         -      0       -     yes
 224485   COVERED      1             1-21      21         -      0       -     yes
 224486   COVERED      1             1-21      21         -      0       -     yes
 224487   COVERED      1             1-21      21         -      0       -     yes
 224488   COVERED      3            1-125     125         -      0       -     yes
 224489   COVERED     22           1-1750    1750         -      0       -     yes
 224490   COVERED     30           1-2328    2328         -      0       -     yes
 224491   COVERED     30           1-2390    2390         -      0       -     yes
 224492   COVERED     16           1-3014    3014         -      0       -     yes
 224493   COVERED     16           1-3142    3142         -      0       -     yes
 224494   COVERED     32           1-2540    2540         -      0       -     yes
 224495   COVERED      1              1-5       5         -      0       -     yes
 224496   COVERED      1              1-2       2         -      0       -     yes
 224498   COVERED     42           1-2287    3281         -      0       -     yes
 224499   COVERED     39           1-3120    3120         -      0       -      no
 224500   COVERED     43           1-3420    3420         -      0       -     yes
 224501   COVERED     41           1-3207    3207         -      0       -     yes
 224502   COVERED     43           1-3377    3377         -      0       -     yes
 224503   COVERED     42           1-3349    3349         -      0       -     yes
 224504   COVERED     42           1-3294    3294         -      0       -     yes
 224505   COVERED     40           1-3175    3175         -      0       -     yes
 224506   COVERED     41           1-3219    3219         -      0       -     yes
 224507   COVERED     17           1-3241    3241         -      0       -     yes
 224508   COVERED     48           1-3830    3830         -      0       -     yes
 224509   COVERED     45           1-3565    3565         -      0       -     yes
 224510   COVERED     42           1-3338    3338         -      0       -     yes
 224511   COVERED     33           1-2584    2584         -      0       -     yes
 224512   COVERED      6            1-452     452         -      0       -     yes
 224513   COVERED     27           1-2138    2138         -      0       -     yes
 224514   COVERED      1              1-3       3         -      0       -     yes
 224515   COVERED      1              1-4       4         -      0       -     yes
 224516   COVERED     44           1-3473    3473         -      0       -     yes
 224517   COVERED     43           1-3373    3373         -      0       -     yes
 224518   COVERED     46           1-3652    3652         -      0       -     yes
 224519   COVERED     44           1-3488    3488         -      0       -     yes
 224520   COVERED     40           1-3154    3154         -      0       -     yes
 224521   COVERED     40           1-3177    3177         -      0       -     yes
 224522   COVERED      3            1-437     437         -      0       -     yes
 224523   COVERED      4            1-293     293         -      0       -     yes
 224524   COVERED     37           1-2946    2946         -      0       -     yes
 224525   COVERED     46           1-3631    3631         -      0       -     yes
 224526     SHORT      6           1-3324    3240         -      0       -     yes
 224527   COVERED     42           1-3329    3329         -      0       -     yes
 224528   COVERED     44           1-3493    3493         -      0       -     yes
 224529   COVERED     48           1-3818    3818         -      0       -     yes
 224530   COVERED      1             1-63      63         -      0       -     yes
 224531   COVERED      9            1-652     652         -      0       -     yes
 224532   COVERED      1             1-32      32         -      0       -     yes
 224533   COVERED     35           1-2791    2791         -      0       -     yes
 224534   COVERED     25           1-1984    1984         -      0       -     yes
 224535   COVERED      1              1-1       1         -      0       -     yes
 224536   COVERED      1              1-2       2         -      0       -     yes
 224537   COVERED      2            1-385     385         -      0       -     yes
 224538   COVERED      7            1-556     556         -      0       -     yes
 224539   COVERED     35           1-2784    2784         -      0       -     yes
 224540   COVERED     38           1-3008    3008         -      0       -     yes
 224541   COVERED     35           1-2725    2725         -      0       -     yes
 224542   COVERED     15           1-2931    2931         -      0       -     yes
 224543   COVERED     36           1-2841    2841         -      0       -     yes
 224544   COVERED     17           1-1328    1328         -      0       -     yes
 224545   COVERED     35           1-2729    2729         -      0       -     yes
 224546   COVERED     33           1-2623    2623         -      0       -     yes
 224547   COVERED     33           1-2631    2631         -      0       -     yes
 224548   COVERED     33           1-2588    2588         -      0       -     yes
 224549   COVERED     33           1-2611    2611         -      0       -     yes
 224550   COVERED     17           1-1310    1310         -      0       -     yes
 224551   COVERED     12           1-2382    2382         -      0       -     yes
 224552   COVERED      6            1-412     412         -      0       -     yes
 224553   COVERED     10            1-730     730         -      0       -     yes
 224554   COVERED     29           1-2291    2291         -      0       -     yes
 224555   COVERED     16           1-1225    1225         -      0       -     yes
 224556   COVERED     35           1-2739    2739         -      0       -     yes
 224557   COVERED     34           1-2654    2654         -      0       -     yes
 224558   COVERED     34           1-2656    2656         -      0       -     yes
 224559   COVERED     34           1-2713    2713         -      0       -     yes
 224560   COVERED     40           1-3186    3186         -      0       -     yes
 224561   COVERED     40           1-3172    3172         -      0       -     yes
 224562   COVERED     42           1-3334    3334         -      0       -     yes
 224563   COVERED     45           1-3523    3523         -      0       -     yes
 224564   COVERED     38           1-2996    2996         -      0       -     yes
 224565   COVERED     38           1-2991    2991         -      0       -      no
 224566     SHORT      4           1-1769    1600         -      0       -     yes
 224567   COVERED     25           1-1966    1966         -      0       -     yes
 224568   COVERED     37           1-2897    2897         -      0       -     yes
 224569 MERGED_ONLY      0                ?       -         -      0       -     yes
 224570   COVERED     39           1-3050    3050         -      0       -     yes
 224571   COVERED     38           1-3006    3006         -      0       -     yes
 224572   COVERED     38           1-3018    3018         -      0       -     yes
 224573   COVERED     39           1-3118    3118  prod_v11     16    3118     yes
 224574   COVERED     38           1-3037    3037  prod_v11     16    3037     yes
 224575   COVERED      5            1-334     334  prod_v11      2     334     yes
 224576   COVERED     38           1-2991    2991  prod_v11     15    2991     yes
 224577   COVERED     42           1-3302    3302  prod_v11     17    3302     yes
 224578   COVERED     18           1-1404    1404  prod_v11      8    1404     yes
 224579   COVERED      1              1-3       3  prod_v11      1       3     yes
 224580   COVERED     16           1-1231    1231         -      0       -     yes
 224581   COVERED      9            1-668     668         -      0       -     yes
 224582   COVERED      2            1-368     368         -      0       -     yes
 224583   COVERED     40           1-3159    3159         -      0       -     yes
 224584   COVERED     40           1-3152    3152         -      0       -     yes
 224585   COVERED     42           1-3295    3295         -      0       -     yes
 224586   COVERED     40           1-3167    3167         -      0       -     yes
 224587   COVERED     15           1-1125    1125         -      0       -     yes
 224588   COVERED      8            1-607     607         -      0       -     yes
 224589   COVERED      8            1-603     603         -      0       -     yes
 224590   COVERED      8            1-612     612         -      0       -     yes
 224591   COVERED      8            1-621     621         -      0       -     yes
 224592   COVERED      8            1-605     605         -      0       -     yes
 224593   COVERED      8            1-606     606         -      0       -     yes
 224594   COVERED      8            1-607     607         -      0       -     yes
 224595   COVERED      4            1-609     609         -      0       -     yes
 224596   COVERED      8            1-609     609         -      0       -     yes
 224597   COVERED     41           1-3214    3214         -      0       -     yes
 224598   COVERED     18           1-1382    1382         -      0       -     yes
 224599   COVERED      2            1-118     118         -      0       -     yes
 224600   COVERED     44           1-3494    3494         -      0       -     yes
 224601   COVERED     45           1-3545    3545         -      0       -     yes
 224602   COVERED     10           1-1810    1810         -      0       -     yes
 224603   COVERED     39           1-3050    3050         -      0       -     yes
 224604   COVERED     42           1-3346    3346         -      0       -     yes
 224605   COVERED     18           1-1410    1410         -      0       -     yes
 224606   COVERED     41           1-3261    3261         -      0       -     yes
 224607   COVERED     15           1-1169    1169         -      0       -     yes
 224608   COVERED     51           1-4009    4009         -      0       -     yes
 224609   COVERED     49           1-3851    3851         -      0       -     yes
 224610   COVERED     78           1-6188    6188         -      0       -     yes
 224611   COVERED     55           1-4370    4370         -      0       -     yes
 224612   COVERED    103           1-8210    8210         -      0       -     yes
 224613   COVERED     53           1-4231    4231         -      0       -     yes
 224614   COVERED     47           1-3749    3749         -      0       -     yes
 224615   COVERED     43           1-3420    3420         -      0       -     yes
 224616   COVERED     51           1-4018    4018         -      0       -     yes
 224617   COVERED     51           1-4031    4031         -      0       -      no
 224618   COVERED     37           1-2954    2954         -      0       -     yes
 224619   COVERED     41           1-3217    3217         -      0       -     yes
 224620   COVERED     43           1-3381    3381         -      0       -     yes
 224621   COVERED     25           1-1999    1999         -      0       -     yes
 224622   COVERED      5            1-382     382         -      0       -     yes
 224623   COVERED     43           1-3369    3369         -      0       -     yes
 224624   COVERED     46           1-3675    3675         -      0       -     yes
 224625   COVERED     41           1-3222    3222         -      0       -     yes
 224626   COVERED     59           1-4664    4664         -      0       -     yes
 224627   COVERED      9           1-1745    1745         -      0       -     yes
 224628   COVERED     42           1-3321    3321         -      0       -     yes
 224629   COVERED     39           1-3103    3103         -      0       -     yes
 224630   COVERED      4            1-703     703         -      0       -     yes
 224631   COVERED      9            1-647     647         -      0       -     yes
 224632   COVERED     63           1-4966    4966         -      0       -     yes
 224633   COVERED     43           1-3375    3375         -      0       -     yes
 224634   COVERED     17           1-3365    3365         -      0       -     yes
 224635   COVERED     45           1-3560    3560         -      0       -     yes
 224636   COVERED     53           1-4179    4179         -      0       -     yes
 224637   COVERED     49           1-3915    3915         -      0       -     yes
 224638   COVERED     42           1-3297    3297         -      0       -      no
 224639   COVERED     45           1-3555    3555         -      0       -      no
 224640   COVERED     30           1-2341    2341         -      0       -     yes
 224641   COVERED     41           1-3252    3252         -      0       -     yes
 224642   COVERED     43           1-3392    3392         -      0       -     yes
 224643   COVERED     43           1-3375    3375         -      0       -     yes
 224644   COVERED     56           1-4450    4450         -      0       -     yes
 224645   COVERED     49           1-3900    3900         -      0       -     yes
 224646   COVERED     45           1-3553    3553         -      0       -     yes
 224647   COVERED     46           1-3232    3232         -      0       -     yes
 224648   COVERED      1             1-51      51         -      0       -     yes
 224651   COVERED      7            1-553     553         -      0       -     yes
 224652   COVERED     53           1-4197    4197         -      0       -      no
 224653   COVERED     50           1-3942    3942         -      0       -      no
 224654   COVERED     45           1-3554    3554         -      0       -     yes
 224655   COVERED     44           1-3458    3458         -      0       -     yes
 224656   COVERED     43           1-3409    3409         -      0       -     yes
 224657   COVERED     28           1-2094    2094         -      0       -     yes
 224658   COVERED     11            1-839     839         -      0       -     yes
 224659   COVERED      1             1-76      76         -      0       -     yes
 224660   COVERED     44           1-3401    3401         -      0       -     yes
 224661   COVERED     39           1-3107    3107         -      0       -     yes
 224662   COVERED     38           1-2995    2995         -      0       -     yes
 224663   COVERED     33           1-2595    2595         -      0       -     yes
 224664   COVERED      6            1-445     445         -      0       -     yes
 224665   COVERED      2            1-122     122         -      0       -     yes
 224666   COVERED     41           1-3232    3232         -      0       -      no
 224667   COVERED     17           1-3247    3247         -      0       -   EMPTY
 224668   COVERED     36           1-2811    2811         -      0       -     yes
 224669   COVERED     11            1-811     811         -      0       -     yes
 224670   COVERED     19           1-2884    2884         -      0       -     yes
 224671   COVERED     39           1-2862    2862         -      0       -      no
 224672   COVERED     34           1-2694    2694         -      0       -     yes
 224673   COVERED     34           1-2686    2686         -      0       -     yes
 224674   COVERED     32           1-2495    2495         -      0       -     yes
 224675   COVERED     34           1-2710    2710         -      0       -     yes
 224676   COVERED     35           1-2652    2652         -      0       -     yes
 224677   COVERED     12            1-829     829         -      0       -     yes
 224678   COVERED     57           1-4514    4514         -      0       -     yes
 224679   COVERED     20           1-1536    1536         -      0       -     yes
 224680   COVERED     54           1-4289    4289         -      0       -     yes
 224681   COVERED     52           1-4134    4134         -      0       -     yes
 224682   COVERED     22           1-4263    4263         -      0       -     yes
 224683   COVERED     51           1-4019    4019         -      0       -     yes
 224684   COVERED     46           1-3631    3631         -      0       -     yes
 224685   COVERED     51           1-4004    4004         -      0       -     yes
 224686   COVERED     21           1-4005    4005         -      0       -     yes
 224687   COVERED     12            1-960     960         -      0       -     yes
 224688   COVERED     44           1-2910    2910  prod_v12     44    2910      no
 224689   COVERED      5            1-274     274  prod_v12      5     274     yes
 224690   COVERED     40           1-2930    2930  prod_v12     40    2930      no
 224691   COVERED     38           1-2925    2925  prod_v12     38    2925      no
 224692   COVERED     39           1-3050    3050  prod_v12     39    3050      no
 224693   COVERED     36           1-2866    2866  prod_v12     36    2866      no
 224694   COVERED     11            1-840     840  prod_v12     11     840     yes
 224695   COVERED     35           1-2695    2695  prod_v12     35    2695      no
 224696   COVERED     36           1-2739    2739  prod_v12     36    2739      no
 224697   COVERED     39           1-2800    2800  prod_v12     39    2800      no
 224698   COVERED     40           1-3023    3023  prod_v12     40    3023     yes
 224699   COVERED     38           1-2967    2967  prod_v12     38    2967      no
 224700   COVERED     57           1-4494    4494  prod_v12     57    4494      no
 224701   COVERED     56           1-4468    4468  prod_v12     56    4468      no
 224702   COVERED     12            1-907     907  prod_v12     12     907     yes
 224703   COVERED     36           1-2829    2829  prod_v12     36    2829     yes
 224704   COVERED     37           1-2861    2861  prod_v12     37    2861      no
 224705   COVERED      7            1-552     552  prod_v12      7     552     yes
 224706   COVERED     33           1-2615    2615  prod_v12     33    2615     yes
 224707   COVERED      9            1-634     634  prod_v12      9     634     yes
 224708   COVERED      6            1-135     135  prod_v12      6     135     yes
 224709   COVERED     86           1-2672    2672  prod_v12     18    2320      no
 224710   COVERED      3            1-196     196  prod_v12      3     196     yes
 224711   COVERED     36           1-2788    2788  prod_v12     36    2788     yes
 224712   COVERED     19           1-1472    1472  prod_v12     19    1472     yes
 224713   COVERED     38           1-2961    2961  prod_v12     38    2961      no
 224714   COVERED     47           1-3701    3701  prod_v12     47    3701      no
 224715   COVERED     31           1-2432    2432  prod_v12     31    2432     yes
 224716   COVERED      1              1-4       4  prod_v12      1       4     yes
 224717   COVERED      1              1-8       8  prod_v12      1       8     yes
 224718   COVERED      1             1-16      16  prod_v12      1      16     yes
wrote completed_ledger_2026-08-12.csv
wrote completed_ledger_2026-08-12.json

official: Counter({'COVERED': 442, 'SHORT': 2, 'MERGED_ONLY': 1})
ours    : Counter({'ABSENT': 407, 'COVERED': 30, 'OFF_RECIPE': 7, 'SHORT': 1})

covered by NEITHER (2): [224526, 224566]
