
##############################################################################
# ours
##############################################################################

hits per 1e12 protons (beam bunches only)
    run  bunch  empty%    1e12p     WALA     WALB     PSSA     PSSC     LIQA     LIQD
-------------------------------------------------------------------------------------
 224688     63     0.0    463.8     1499     1439     4360     6987     2650     1792
 224689     63     0.0    484.6     1510     1445     4309     6813     2651     1816
 224690     75     0.0    543.1     1493     1438     4382     6991     2658     1804
 224691     80     0.0    573.0     1520     1444     4347     6948     2654     1804
 224692     20    75.0    143.5     1483     1446     4431     7083     2647     1802
 224693     80     0.0    608.7     1499     1447     4359     7033     2691     1819
 224694     80     0.0    639.8     1507     1445     4324     6935     2691     1825
 224695     80     0.0    639.6     1499     1447     4334     6919     2689     1827
 224696     63     0.0    503.9     1504     1440     4325     6950     2706     1847
 224697     79     0.0    590.2     1503     1449     4377     7038     2689     1835
 224698     80     0.0    541.5     1546     1458     4419     7082     2677     1821
 224699     80     0.0    542.3     1538     1466     4405     7017     2680     1818
 224700     80     0.0    542.9     1556     1459     4389     7033     2688     1830

modal tflash per tree (ns) and % of beam bunches >150 ns off it
    run             WALA             WALB             PSSA             PSSC             LIQA
--------------------------------------------------------------------------------------------
 224688     11605/  0.0%     11605/  0.0%     11645/  0.0%     11645/  0.0%     11615/  0.0%
 224689     11605/  0.0%     11605/  0.0%     11645/  0.0%     11645/  0.0%     11615/  0.0%
 224690     11605/  0.0%     11605/  0.0%     11645/  0.0%     11645/  0.0%     11615/  0.0%
 224691     11605/  0.0%     11605/  0.0%     11645/  0.0%     11645/  0.0%     11615/  0.0%
 224692     11615/  0.0%     11615/  0.0%     11645/  0.0%     11645/  0.0%     11625/  0.0%
 224693     11605/  0.0%     11605/  0.0%     11645/  0.0%     11645/  0.0%     11615/  0.0%
 224694     11615/  0.0%     11605/  0.0%     11645/  0.0%     11645/  0.0%     11615/  0.0%
 224695     11605/  0.0%     11605/  0.0%     11645/  0.0%     11645/  0.0%     11615/  0.0%
 224696     11615/  0.0%     11605/  0.0%     11645/  0.0%     11645/  0.0%     11615/  0.0%
 224697     11615/  0.0%     11605/  0.0%     11645/  0.0%     11645/  0.0%     11625/  0.0%
 224698     11605/  0.0%     11605/  0.0%     11645/  0.0%     11645/  0.0%     11625/  0.0%
 224699     11605/  0.0%     11605/  0.0%     11645/  0.0%     11645/  0.0%     11625/  0.0%
 224700     11615/  0.0%     11605/  0.0%     11645/  0.0%     11645/  0.0%     11625/  0.0%

prompt-coincidence offset vs the same arm wall (ns; target |peak| < 25)
    run    pssA    pssB    pssC    pssD    liqA    liqB    liqC    liqD
-----------------------------------------------------------------------
 224688      -1       1       1      27       1      -1       1       1
 224689       1      -1      35       1       1      -1       1      -1
 224690       1       1      31      -1       1       1       1      -1
 224691       1       1      33      27       1       1      -1      -1
 224692       1       1      35       1      -1       1      -1       1
 224693       1       1      35      -1       1       1       1       1
 224694      -1       1       1      27       1      -1      -1       1
 224695       1      -1      35      27      -1       1       1       1
 224696       1      -1      35      -1      -1      -1       1       1
 224697      -1      -1      33       1      -1      -1      -1       1
 224698      -1       1       1       1       1      -1       1      -1
 224699      -1       1       1       1       1      -1       1       1
 224700      -1       1      33       1       1       1      -1      -1

median hit amplitude per tree
    run     WALA     WALB     WALC     WALD     PSSA     PSSC     LIQA     LIQD
-------------------------------------------------------------------------------
 224688    665.6    904.9    855.3    867.5    123.9    124.2    205.5    147.5
 224689    656.9    892.4    838.1    853.1    124.7    125.6    205.7    147.4
 224690    667.9    900.9    852.3    868.5    123.7    124.1    205.0    147.7
 224691    662.4    908.5    854.8    864.6    124.9    124.8    205.0    147.3
 224692    682.0    913.4    867.0    878.1    123.7    123.2    206.0    147.6
 224693    674.4    914.3    866.6    875.3    125.0    124.2    205.9    147.4
 224694    670.1    915.8    867.5    874.0    125.9    125.5    206.0    147.6
 224695    670.0    915.1    857.9    874.0    125.5    125.9    205.8    147.8
 224696    666.8    917.4    857.9    874.9    125.7    125.6    207.0    147.7
 224697    667.1    914.2    862.8    867.8    124.8    124.6    206.6    147.6
 224698    648.0    903.8    861.4    858.3    124.0    125.0    206.0    147.2
 224699    655.0    897.7    848.6    851.4    124.4    125.6    205.9    147.3
 224700    649.5    909.2    856.7    862.9    125.1    125.6    206.2    147.5

##############################################################################
# official
##############################################################################

hits per 1e12 protons (beam bunches only)
    run  bunch  empty%    1e12p     WALA     WALB     PSSA     PSSC     LIQA     LIQD
-------------------------------------------------------------------------------------
 224660     63     0.0    389.5     1558     1467     4463     7073     2637     1779
 224667    200     0.0   1288.3     1504     1452     4422     7023     2649     1781
 224670    180     0.6   1236.1     1496     1440     4407     7022     2641     1793
 224672     80     0.0    600.6     1470     1423     4368     6968     2640     1788
 224674     80     0.0    601.4     1483     1438     4335     6899     2647     1801
 224676     80     0.0    580.4     1492     1446     4379     6976     2659     1794

modal tflash per tree (ns) and % of beam bunches >150 ns off it
    run             WALA             WALB             PSSA             PSSC             LIQA
--------------------------------------------------------------------------------------------
 224660     11625/  0.0%     11605/  0.0%     11645/  0.0%     11645/  0.0%     11615/  0.0%
 224667     11625/  0.0%     11605/  0.0%     11645/  0.0%     11645/  0.0%     11625/  0.0%
 224670     11595/  0.0%     11605/  0.0%     11645/  0.0%     11645/  0.0%     11615/  0.0%
 224672     11605/  0.0%     11605/  0.0%     11645/  0.0%     11645/  0.0%     11615/  0.0%
 224674     11605/  0.0%     11605/  0.0%     11645/  0.0%     11645/  0.0%     11615/  0.0%
 224676     11605/  0.0%     11605/  0.0%     11645/  0.0%     11645/  0.0%     11625/  0.0%

prompt-coincidence offset vs the same arm wall (ns; target |peak| < 25)
    run    pssA    pssB    pssC    pssD    liqA    liqB    liqC    liqD
-----------------------------------------------------------------------
 224660       1       1      35      -1       1      -1       1      -1
 224667      -1       1      35       1       1       1      -1       1
 224670       1      -1       1      -1      -1      -1       1       1
 224672       1      -1      -1      25       1       1       1       1
 224674       1       1      33      -1       1       1      -1      -1
 224676       1       1      33      29       1       1       1       1

median hit amplitude per tree
    run     WALA     WALB     WALC     WALD     PSSA     PSSC     LIQA     LIQD
-------------------------------------------------------------------------------
 224660    636.2    886.3    828.2    858.4    122.7    123.2    204.1    146.5
 224667    673.1    905.5    858.6    860.8    124.3    123.8    204.2    146.7
 224670    668.3    903.8    851.5    847.6    123.8    123.6    204.6    146.9
 224672    678.6    914.4    859.0    869.8    124.7    124.2    204.8    147.3
 224674    675.5    906.6    862.8    869.6    125.5    125.1    205.1    147.4
 224676    675.7    907.1    862.1    871.1    125.0    124.9    205.0    147.3

wrote compare.json
