
##############################################################################
# ours
##############################################################################

hits per 1e12 protons (beam bunches only)
    run  bunch  empty%    1e12p     WALA     WALB     PSSA     PSSC     LIQA     LIQD
-------------------------------------------------------------------------------------
 224707    448     0.7   3144.3     1523     1462     4434     7151     2694     1828
 224708    135     0.0    894.1     1563     1491    27283     7068     2762     1825

modal tflash per tree (ns) and % of beam bunches >150 ns off it
    run             WALA             WALB             PSSA             PSSC             LIQA
--------------------------------------------------------------------------------------------
 224707     11605/  0.0%     11605/  0.0%     11645/  0.0%     11645/  0.0%     11625/  0.0%
 224708     11605/  0.0%     11605/  0.0%     11645/  0.0%     11645/  0.0%     11625/  0.0%

prompt-coincidence offset vs the same arm wall (ns; target |peak| < 25)
    run    pssA    pssB    pssC    pssD    liqA    liqB    liqC    liqD
-----------------------------------------------------------------------
 224707      -1      -1      33      -1       1       1       1      -1
 224708       1       1       1      -1       1      -1       1       1

median hit amplitude per tree
    run     WALA     WALB     WALC     WALD     PSSA     PSSC     LIQA     LIQD
-------------------------------------------------------------------------------
 224707    661.8    901.9    846.4    865.6    124.3    124.8    206.3    147.4
 224708    642.0    873.2    819.0    838.6     96.2    125.4    202.4    147.2

##############################################################################
# official
##############################################################################

hits per 1e12 protons (beam bunches only)
    run  bunch  empty%    1e12p     WALA     WALB     PSSA     PSSC     LIQA     LIQD
-------------------------------------------------------------------------------------
 224672    480     0.0   3578.6     1476     1434     4362     6929     2646     1797

modal tflash per tree (ns) and % of beam bunches >150 ns off it
    run             WALA             WALB             PSSA             PSSC             LIQA
--------------------------------------------------------------------------------------------
 224672     11605/  0.0%     11605/  0.0%     11645/  0.0%     11645/  0.0%     11625/  0.0%

prompt-coincidence offset vs the same arm wall (ns; target |peak| < 25)
    run    pssA    pssB    pssC    pssD    liqA    liqB    liqC    liqD
-----------------------------------------------------------------------
 224672       1      -1      -1      25      -1       1       1       1

median hit amplitude per tree
    run     WALA     WALB     WALC     WALD     PSSA     PSSC     LIQA     LIQD
-------------------------------------------------------------------------------
 224672    677.6    906.5    856.0    867.6    124.9    124.6    204.9    147.3

wrote compare_224708.json
