run 224710: ours run224710_0003.root covers bunches 161-196 (3 partials, official has 3)
  official partials covering it: run224710_0003.root[161-196]
  comparing bunches 177-181 (5)
  WALA    44953 hits   IDENTICAL            worst |d| = 0 (-)
  WALB    42898 hits   IDENTICAL            worst |d| = 0 (-)
  WALC    46155 hits   IDENTICAL            worst |d| = 0 (-)
  WALD    45976 hits   IDENTICAL            worst |d| = 0 (-)
  PSSA   136326 hits   IDENTICAL            worst |d| = 0 (-)
  PSSB   180187 hits   IDENTICAL            worst |d| = 0 (-)
  PSSC   214677 hits   IDENTICAL            worst |d| = 0 (-)
  PSSD   193605 hits   IDENTICAL            worst |d| = 0 (-)
  LIQA    77751 hits   DIFFERENT (values)   worst |d| = 1.56409e+09 (afast)
        afast 8 (0.01 %, max 1.56409e+09)
  LIQB    88121 hits   DIFFERENT (values)   worst |d| = 3.87785e+07 (afast)
        afast 6 (0.01 %, max 3.87785e+07)
  LIQC    21333 hits   DIFFERENT (values)   worst |d| = 374.829 (afast)
        afast 1 (0.00 %, max 374.829)
  LIQD    52763 hits   DIFFERENT (values)   worst |d| = 6.09032e+07 (afast)
        afast 4 (0.01 %, max 6.09032e+07)
  SILI     2323 hits   IDENTICAL            worst |d| = 0 (-)
  PKUP        5 hits   IDENTICAL            worst |d| = 0 (-)
wrote identity_224710_2026-08-12.json
