run 224572: ours run224572_0005.root covers bunches 798-997 (16 partials, official has 38)
  official partials covering it: run224572_0011.root[798-877], run224572_0012.root[878-957], run224572_0013.root[958-1037]
  comparing bunches 896-900 (5)
  WALA    49483 hits   IDENTICAL            worst |d| = 0 (-)
  WALB    47591 hits   IDENTICAL            worst |d| = 0 (-)
  WALC    52427 hits   IDENTICAL            worst |d| = 0 (-)
  WALD    51888 hits   IDENTICAL            worst |d| = 0 (-)
  PSSA   143636 hits   IDENTICAL            worst |d| = 0 (-)
  PSSB   192101 hits   IDENTICAL            worst |d| = 0 (-)
  PSSC   231164 hits   IDENTICAL            worst |d| = 0 (-)
  PSSD   205055 hits   IDENTICAL            worst |d| = 0 (-)
  LIQA    85873 hits   DIFFERENT (values)   worst |d| = 1.05663e+08 (afast)
  LIQB    95653 hits   DIFFERENT (values)   worst |d| = 3.15074e+08 (afast)
  LIQC    24895 hits   DIFFERENT (values)   worst |d| = 1.37141e+06 (afast)
  LIQD    59799 hits   DIFFERENT (values)   worst |d| = 2.35997e+06 (afast)
  SILI     2663 hits   IDENTICAL            worst |d| = 0 (-)
  PKUP        5 hits   IDENTICAL            worst |d| = 0 (-)
wrote identity_224572.json

run 224574: ours run224574_0005.root covers bunches 801-1000 (16 partials, official has 38)
  official partials covering it: run224574_0011.root[801-880], run224574_0012.root[881-960], run224574_0013.root[961-1040]
  comparing bunches 899-903 (5)
  WALA    42828 hits   IDENTICAL            worst |d| = 0 (-)
  WALB    41400 hits   IDENTICAL            worst |d| = 0 (-)
  WALC    44826 hits   IDENTICAL            worst |d| = 0 (-)
  WALD    44937 hits   IDENTICAL            worst |d| = 0 (-)
  PSSA   125651 hits   IDENTICAL            worst |d| = 0 (-)
  PSSB   170487 hits   IDENTICAL            worst |d| = 0 (-)
  PSSC   204990 hits   IDENTICAL            worst |d| = 0 (-)
  PSSD   180759 hits   IDENTICAL            worst |d| = 0 (-)
  LIQA    60793 vs   73743 hits   DIFFERENT (count)
  LIQB    71755 vs   83210 hits   DIFFERENT (count)
  LIQC    18459 vs   21277 hits   DIFFERENT (count)
  LIQD    42602 vs   50786 hits   DIFFERENT (count)
  SILI     2392 hits   IDENTICAL            worst |d| = 0 (-)
  PKUP        5 hits   IDENTICAL            worst |d| = 0 (-)
wrote identity_224574.json
