run 224705: ours run224705_0005.root covers bunches 317-396 (7 partials, official has 7)
  official partials covering it: run224705_0005.root[317-396]
  comparing bunches 355-359 (5)
  WALA    57051 hits   IDENTICAL            worst |d| = 0 (-)
  WALB    54796 hits   IDENTICAL            worst |d| = 0 (-)
  WALC    58911 hits   IDENTICAL            worst |d| = 0 (-)
  WALD    58336 hits   IDENTICAL            worst |d| = 0 (-)
  PSSA   168977 hits   IDENTICAL            worst |d| = 0 (-)
  PSSB   227914 hits   IDENTICAL            worst |d| = 0 (-)
  PSSC   271145 hits   IDENTICAL            worst |d| = 0 (-)
  PSSD   245348 hits   IDENTICAL            worst |d| = 0 (-)
  LIQA   103859 hits   DIFFERENT (values)   worst |d| = 7.6024e+07 (afast)
        afast 4 (0.00 %, max 7.6024e+07)
  LIQB   115074 hits   DIFFERENT (values)   worst |d| = 2.87538e+06 (afast)
        afast 3 (0.00 %, max 2.87538e+06)
  LIQC    29709 hits   DIFFERENT (values)   worst |d| = 1.07665e+06 (afast)
        afast 6 (0.02 %, max 1.07665e+06)
  LIQD    71193 hits   DIFFERENT (values)   worst |d| = 7.42071e+06 (afast)
        afast 3 (0.00 %, max 7.42071e+06)
  SILI     2916 hits   IDENTICAL            worst |d| = 0 (-)
  PKUP        5 hits   IDENTICAL            worst |d| = 0 (-)
wrote identity_224705_2026-08-12.json
